Testing with Return ID: 7f0a340c-ac01-45f4-ae5e-030b531dacf7
Testing against Challan Amount: 10399
Testing matching content...
Result 1 (Should be Valid): FAIL
[
  'Failed to match 2 challans. Please verify the CSI file belongs to this period.',
  'Γ£ù Challan missing in CSI: Amount Γé╣9139.00 (Serial: 17579)',
  'Γ£ù Challan missing in CSI: Amount Γé╣4750.00 (Serial: 58380)'
]
Testing mismatch content...
Result 2 (Should be Invalid): PASS
Testing comma separated content: 10,399.00
Result 3 (Should be Valid but likely fails): FAIL
[
  'Failed to match 3 challans. Please verify the CSI file belongs to this period.',
  'Γ£ù Challan missing in CSI: Amount Γé╣10399.00 (Serial: 08010)',
  'Γ£ù Challan missing in CSI: Amount Γé╣9139.00 (Serial: 17579)',
  'Γ£ù Challan missing in CSI: Amount Γé╣4750.00 (Serial: 58380)'
]
